string to be matched:
 abcdeyyhabchxxgabc
begin:
 habchxxgabc
           ^
        -
        habchxxgabc
                  ^
       -
